// Jest Snapshot v1, https://goo.gl/fbAQLP

exports[`PostTemplate renders correctly 1`] = `
<div
  className="layout"
>
  <span
    className="toggle-control"
  >
    <div
      className="toggleWrapper"
    >
      <input
        checked={true}
        className="dmcheck"
        id="dmcheck"
        onChange={[Function]}
        type="checkbox"
      />
      <label
        className="toggle"
        htmlFor="dmcheck"
      >
        <span
          className="toggle__handler"
        >
          <span
            className="crater crater--1"
          />
          <span
            className="crater crater--2"
          />
          <span
            className="crater crater--3"
          />
        </span>
        <span
          className="star star--1"
        />
        <span
          className="star star--2"
        />
        <span
          className="star star--3"
        />
        <span
          className="star star--4"
        />
        <span
          className="star star--5"
        />
        <span
          className="star star--6"
        />
      </label>
    </div>
  </span>
  <div
    className="post"
  >
    <a
      className="post__home-button"
      href="/"
    >
      All Articles
    </a>
    <div
      className="post__content"
    >
      <div
        className="content"
      >
        <h1
          className="content__title"
        >
          test
        </h1>
        <div
          className="content__body"
          dangerouslySetInnerHTML={
            Object {
              "__html": "<p>test</p>",
            }
          }
        />
      </div>
    </div>
    <div
      className="post__footer"
    >
      <div
        className="author"
      >
        <p
          className="author__bio"
        >
          Published 
          on Sep 1, 2016
           by
           
          <a
            href="https://www.twitter.com/#"
            rel="noopener noreferrer"
            target="_blank"
          >
            <strong>
              Test name
            </strong>
          </a>
          . You can
           
          <a
            href="https://github.com/siwalikm/diary/blob/master/contentundefined.md"
            rel="noopener noreferrer"
            target="_blank"
          >
            <strong>
              edit this page
            </strong>
          </a>
           
          here.
        </p>
      </div>
      <div
        className="tags"
      >
        <ul
          className="tags__list"
        >
          <li
            className="tags__list-item"
          >
            <a
              className="tags__list-item-link"
              href="/test_0"
            >
              test_0
            </a>
          </li>
          <li
            className="tags__list-item"
          >
            <a
              className="tags__list-item-link"
              href="/test_1"
            >
              test_1
            </a>
          </li>
        </ul>
      </div>
      <div
        className="navLink"
      >
        <h4
          className="navLink__mobile-title"
        >
          Other recent posts
        </h4>
      </div>
      <div
        className="tinyletter"
      >
        <h3
          className="tinyletter__title"
        >
          Subscribe to Newsletter
        </h3>
        <p>
          Sign up to get an email whenever I write a post. No spams. Unsubscribe at
           
          <b>
            any
          </b>
           time.
        </p>
        <form
          action="https://tinyletter.com/siwalik"
          className="tinyletter__input"
          list="siwalik"
          method="post"
          onSubmit={[Function]}
          target="popupwindow"
        >
          <input
            name="embed"
            type="hidden"
            value="1"
          />
          <input
            name="email"
            placeholder="eg. jane@gmail.com"
            required={true}
            type="email"
          />
          <input
            type="submit"
            value="Subscribe"
          />
        </form>
      </div>
    </div>
    <div
      className="post__comments"
    >
      <div
        className="copyright"
        dangerouslySetInnerHTML={
          Object {
            "__html": "Test copyright",
          }
        }
      />
    </div>
  </div>
</div>
`;
