// Jest Snapshot v1, https://goo.gl/fbAQLP

exports[`Layout renders correctly 1`] = `
<div
  className="layout"
>
  <span
    className="toggle-control"
  >
    <div
      className="toggleWrapper"
    >
      <input
        checked={true}
        className="dmcheck"
        id="dmcheck"
        onChange={[Function]}
        type="checkbox"
      />
      <label
        className="toggle"
        htmlFor="dmcheck"
      >
        <span
          className="toggle__handler"
        >
          <span
            className="crater crater--1"
          />
          <span
            className="crater crater--2"
          />
          <span
            className="crater crater--3"
          />
        </span>
        <span
          className="star star--1"
        />
        <span
          className="star star--2"
        />
        <span
          className="star star--3"
        />
        <span
          className="star star--4"
        />
        <span
          className="star star--5"
        />
        <span
          className="star star--6"
        />
      </label>
    </div>
  </span>
  test
</div>
`;
