// Jest Snapshot v1, https://goo.gl/fbAQLP

exports[`Author renders correctly 1`] = `
<div
  className="author"
>
  <p
    className="author__bio"
  >
    Published 
    on Aug 28, 2022
     by
     
    <a
      href="https://www.twitter.com/#"
      rel="noopener noreferrer"
      target="_blank"
    >
      <strong>
        Test name
      </strong>
    </a>
    . You can
     
    <a
      href="https://github.com/siwalikm/diary/blob/master/content.md"
      rel="noopener noreferrer"
      target="_blank"
    >
      <strong>
        edit this page
      </strong>
    </a>
     
    here.
  </p>
</div>
`;
